// Jest Snapshot v1, https://goo.gl/fbAQLP

exports[`PreBuiltAnimationList should match the snapshot 1`] = `
ShallowWrapper {
  Symbol(enzyme.__root__): [Circular],
  Symbol(enzyme.__unrendered__): <PreBuiltAnimationList
    currentAnimation={
      Object {
        "ani-name": "rotateIn",
        "id": 2,
      }
    }
    prebuiltAnimations={
      Array [
        Object {
          "ani-name": "slideIn",
          "id": 1,
        },
        Object {
          "ani-name": "rotateIn",
          "id": 2,
        },
      ]
    }
  />,
  Symbol(enzyme.__renderer__): Object {
    "batchedUpdates": [Function],
    "getNode": [Function],
    "render": [Function],
    "simulateError": [Function],
    "simulateEvent": [Function],
    "unmount": [Function],
  },
  Symbol(enzyme.__node__): Object {
    "instance": null,
    "key": undefined,
    "nodeType": "host",
    "props": Object {
      "children": <ul
        className="prebuilt-animation-list"
      >
        <li
          className="animation-li 1 "
          onClick={[Function]}
        />
        <li
          className="animation-li 2 selected-animation"
          onClick={[Function]}
        />
      </ul>,
      "className": "prebuilt-animation-section",
    },
    "ref": null,
    "rendered": Object {
      "instance": null,
      "key": undefined,
      "nodeType": "host",
      "props": Object {
        "children": Array [
          <li
            className="animation-li 1 "
            onClick={[Function]}
          />,
          <li
            className="animation-li 2 selected-animation"
            onClick={[Function]}
          />,
        ],
        "className": "prebuilt-animation-list",
      },
      "ref": null,
      "rendered": Array [
        Object {
          "instance": null,
          "key": "uid1",
          "nodeType": "host",
          "props": Object {
            "children": undefined,
            "className": "animation-li 1 ",
            "onClick": [Function],
          },
          "ref": null,
          "rendered": null,
          "type": "li",
        },
        Object {
          "instance": null,
          "key": "uid2",
          "nodeType": "host",
          "props": Object {
            "children": undefined,
            "className": "animation-li 2 selected-animation",
            "onClick": [Function],
          },
          "ref": null,
          "rendered": null,
          "type": "li",
        },
      ],
      "type": "ul",
    },
    "type": "section",
  },
  Symbol(enzyme.__nodes__): Array [
    Object {
      "instance": null,
      "key": undefined,
      "nodeType": "host",
      "props": Object {
        "children": <ul
          className="prebuilt-animation-list"
        >
          <li
            className="animation-li 1 "
            onClick={[Function]}
          />
          <li
            className="animation-li 2 selected-animation"
            onClick={[Function]}
          />
        </ul>,
        "className": "prebuilt-animation-section",
      },
      "ref": null,
      "rendered": Object {
        "instance": null,
        "key": undefined,
        "nodeType": "host",
        "props": Object {
          "children": Array [
            <li
              className="animation-li 1 "
              onClick={[Function]}
            />,
            <li
              className="animation-li 2 selected-animation"
              onClick={[Function]}
            />,
          ],
          "className": "prebuilt-animation-list",
        },
        "ref": null,
        "rendered": Array [
          Object {
            "instance": null,
            "key": "uid1",
            "nodeType": "host",
            "props": Object {
              "children": undefined,
              "className": "animation-li 1 ",
              "onClick": [Function],
            },
            "ref": null,
            "rendered": null,
            "type": "li",
          },
          Object {
            "instance": null,
            "key": "uid2",
            "nodeType": "host",
            "props": Object {
              "children": undefined,
              "className": "animation-li 2 selected-animation",
              "onClick": [Function],
            },
            "ref": null,
            "rendered": null,
            "type": "li",
          },
        ],
        "type": "ul",
      },
      "type": "section",
    },
  ],
  Symbol(enzyme.__options__): Object {
    "adapter": ReactSixteenAdapter {
      "options": Object {
        "enableComponentDidUpdateOnSetState": true,
        "lifecycles": Object {
          "componentDidUpdate": Object {
            "onSetState": true,
          },
          "getDerivedStateFromProps": true,
          "getSnapshotBeforeUpdate": true,
          "setState": Object {
            "skipsComponentDidUpdateOnNullish": true,
          },
        },
      },
    },
  },
}
`;
