// Jest Snapshot v1, https://goo.gl/fbAQLP

exports[`Editor should match the snapshot 1`] = `
ShallowWrapper {
  Symbol(enzyme.__root__): [Circular],
  Symbol(enzyme.__unrendered__): <Editor
    currentAnimation={
      Object {
        "keyframes": Object {
          "name": "slideInX",
          "sections": Array [
            Object {
              "label": "0%",
              "name": "0%",
              "properties": Array [
                Object {
                  "name": "transform",
                  "value": "translateX(-300px)",
                },
              ],
            },
            Object {
              "label": "100%",
              "name": "100%",
              "properties": Array [
                Object {
                  "name": "transform",
                  "value": "translateX(0px)",
                },
              ],
            },
          ],
        },
        "properties": Object {
          "delay": "0s",
          "direction": "normal",
          "duration": "1.5s",
          "fillMode": "forwards",
          "iterationCount": "1",
          "name": "slideInX",
          "timingFunction": "ease",
        },
      }
    }
    editAnimation={[MockFunction]}
    originalAnimation="{}"
    saveOriginalAnimation={[MockFunction]}
    updateCurrentAnimation={[MockFunction]}
    user_id={1}
  />,
  Symbol(enzyme.__renderer__): Object {
    "batchedUpdates": [Function],
    "getNode": [Function],
    "render": [Function],
    "simulateError": [Function],
    "simulateEvent": [Function],
    "unmount": [Function],
  },
  Symbol(enzyme.__node__): Object {
    "instance": null,
    "key": undefined,
    "nodeType": "host",
    "props": Object {
      "children": Array [
        <div
          className="editor-container"
        >
          <div
            className="editor-options"
          >
            <NavLink
              activeClassName="selected"
              aria-current="page"
              className="animation-btn"
              to="/properties"
            >
              properties
            </NavLink>
            <NavLink
              activeClassName="selected"
              aria-current="page"
              className="keyframes-btn"
              to="/keyframes"
            >
              keyframes
            </NavLink>
          </div>
          <div
            className="editor"
          >
            <Switch>
              <Route
                component={[Function]}
                path="/properties"
              />
              <Route
                component={[Function]}
                path="/keyframes"
              />
            </Switch>
          </div>
        </div>,
        <div
          className="editor-bottom-btns-container"
        >
          <Link
            className="lower-btn copy-btn"
            replace={false}
            to="/properties/copy"
          >
            copy code
          </Link>
          <button
            className="lower-btn reset-btn"
            onClick={[Function]}
          >
            reset
          </button>
          <Link
            className="lower-btn save-as-btn"
            replace={false}
            to="/properties/saveas"
          >
            save as
          </Link>
          <button
            className="lower-btn save-btn"
            disabled={true}
            onClick={[Function]}
          >
            save
          </button>
          <Switch>
            <Route
              path="/properties/copy"
              render={[Function]}
            />
            <Route
              path="/properties/saveas"
              render={[Function]}
            />
          </Switch>
        </div>,
      ],
      "className": "editor-component",
    },
    "ref": null,
    "rendered": Array [
      Object {
        "instance": null,
        "key": undefined,
        "nodeType": "host",
        "props": Object {
          "children": Array [
            <div
              className="editor-options"
            >
              <NavLink
                activeClassName="selected"
                aria-current="page"
                className="animation-btn"
                to="/properties"
              >
                properties
              </NavLink>
              <NavLink
                activeClassName="selected"
                aria-current="page"
                className="keyframes-btn"
                to="/keyframes"
              >
                keyframes
              </NavLink>
            </div>,
            <div
              className="editor"
            >
              <Switch>
                <Route
                  component={[Function]}
                  path="/properties"
                />
                <Route
                  component={[Function]}
                  path="/keyframes"
                />
              </Switch>
            </div>,
          ],
          "className": "editor-container",
        },
        "ref": null,
        "rendered": Array [
          Object {
            "instance": null,
            "key": undefined,
            "nodeType": "host",
            "props": Object {
              "children": Array [
                <NavLink
                  activeClassName="selected"
                  aria-current="page"
                  className="animation-btn"
                  to="/properties"
                >
                  properties
                </NavLink>,
                <NavLink
                  activeClassName="selected"
                  aria-current="page"
                  className="keyframes-btn"
                  to="/keyframes"
                >
                  keyframes
                </NavLink>,
              ],
              "className": "editor-options",
            },
            "ref": null,
            "rendered": Array [
              Object {
                "instance": null,
                "key": undefined,
                "nodeType": "function",
                "props": Object {
                  "activeClassName": "selected",
                  "aria-current": "page",
                  "children": "properties",
                  "className": "animation-btn",
                  "to": "/properties",
                },
                "ref": null,
                "rendered": "properties",
                "type": [Function],
              },
              Object {
                "instance": null,
                "key": undefined,
                "nodeType": "function",
                "props": Object {
                  "activeClassName": "selected",
                  "aria-current": "page",
                  "children": "keyframes",
                  "className": "keyframes-btn",
                  "to": "/keyframes",
                },
                "ref": null,
                "rendered": "keyframes",
                "type": [Function],
              },
            ],
            "type": "div",
          },
          Object {
            "instance": null,
            "key": undefined,
            "nodeType": "host",
            "props": Object {
              "children": <Switch>
                <Route
                  component={[Function]}
                  path="/properties"
                />
                <Route
                  component={[Function]}
                  path="/keyframes"
                />
              </Switch>,
              "className": "editor",
            },
            "ref": null,
            "rendered": Object {
              "instance": null,
              "key": undefined,
              "nodeType": "class",
              "props": Object {
                "children": Array [
                  <Route
                    component={[Function]}
                    path="/properties"
                  />,
                  <Route
                    component={[Function]}
                    path="/keyframes"
                  />,
                ],
              },
              "ref": null,
              "rendered": Array [
                Object {
                  "instance": null,
                  "key": undefined,
                  "nodeType": "class",
                  "props": Object {
                    "component": [Function],
                    "path": "/properties",
                  },
                  "ref": null,
                  "rendered": null,
                  "type": [Function],
                },
                Object {
                  "instance": null,
                  "key": undefined,
                  "nodeType": "class",
                  "props": Object {
                    "component": [Function],
                    "path": "/keyframes",
                  },
                  "ref": null,
                  "rendered": null,
                  "type": [Function],
                },
              ],
              "type": [Function],
            },
            "type": "div",
          },
        ],
        "type": "div",
      },
      Object {
        "instance": null,
        "key": undefined,
        "nodeType": "host",
        "props": Object {
          "children": Array [
            <Link
              className="lower-btn copy-btn"
              replace={false}
              to="/properties/copy"
            >
              copy code
            </Link>,
            <button
              className="lower-btn reset-btn"
              onClick={[Function]}
            >
              reset
            </button>,
            <Link
              className="lower-btn save-as-btn"
              replace={false}
              to="/properties/saveas"
            >
              save as
            </Link>,
            <button
              className="lower-btn save-btn"
              disabled={true}
              onClick={[Function]}
            >
              save
            </button>,
            <Switch>
              <Route
                path="/properties/copy"
                render={[Function]}
              />
              <Route
                path="/properties/saveas"
                render={[Function]}
              />
            </Switch>,
          ],
          "className": "editor-bottom-btns-container",
        },
        "ref": null,
        "rendered": Array [
          Object {
            "instance": null,
            "key": undefined,
            "nodeType": "class",
            "props": Object {
              "children": "copy code",
              "className": "lower-btn copy-btn",
              "replace": false,
              "to": "/properties/copy",
            },
            "ref": null,
            "rendered": "copy code",
            "type": [Function],
          },
          Object {
            "instance": null,
            "key": undefined,
            "nodeType": "host",
            "props": Object {
              "children": "reset",
              "className": "lower-btn reset-btn",
              "onClick": [Function],
            },
            "ref": null,
            "rendered": "reset",
            "type": "button",
          },
          Object {
            "instance": null,
            "key": undefined,
            "nodeType": "class",
            "props": Object {
              "children": "save as",
              "className": "lower-btn save-as-btn",
              "replace": false,
              "to": "/properties/saveas",
            },
            "ref": null,
            "rendered": "save as",
            "type": [Function],
          },
          Object {
            "instance": null,
            "key": undefined,
            "nodeType": "host",
            "props": Object {
              "children": "save",
              "className": "lower-btn save-btn",
              "disabled": true,
              "onClick": [Function],
            },
            "ref": null,
            "rendered": "save",
            "type": "button",
          },
          Object {
            "instance": null,
            "key": undefined,
            "nodeType": "class",
            "props": Object {
              "children": Array [
                <Route
                  path="/properties/copy"
                  render={[Function]}
                />,
                <Route
                  path="/properties/saveas"
                  render={[Function]}
                />,
              ],
            },
            "ref": null,
            "rendered": Array [
              Object {
                "instance": null,
                "key": undefined,
                "nodeType": "class",
                "props": Object {
                  "path": "/properties/copy",
                  "render": [Function],
                },
                "ref": null,
                "rendered": null,
                "type": [Function],
              },
              Object {
                "instance": null,
                "key": undefined,
                "nodeType": "class",
                "props": Object {
                  "path": "/properties/saveas",
                  "render": [Function],
                },
                "ref": null,
                "rendered": null,
                "type": [Function],
              },
            ],
            "type": [Function],
          },
        ],
        "type": "div",
      },
    ],
    "type": "div",
  },
  Symbol(enzyme.__nodes__): Array [
    Object {
      "instance": null,
      "key": undefined,
      "nodeType": "host",
      "props": Object {
        "children": Array [
          <div
            className="editor-container"
          >
            <div
              className="editor-options"
            >
              <NavLink
                activeClassName="selected"
                aria-current="page"
                className="animation-btn"
                to="/properties"
              >
                properties
              </NavLink>
              <NavLink
                activeClassName="selected"
                aria-current="page"
                className="keyframes-btn"
                to="/keyframes"
              >
                keyframes
              </NavLink>
            </div>
            <div
              className="editor"
            >
              <Switch>
                <Route
                  component={[Function]}
                  path="/properties"
                />
                <Route
                  component={[Function]}
                  path="/keyframes"
                />
              </Switch>
            </div>
          </div>,
          <div
            className="editor-bottom-btns-container"
          >
            <Link
              className="lower-btn copy-btn"
              replace={false}
              to="/properties/copy"
            >
              copy code
            </Link>
            <button
              className="lower-btn reset-btn"
              onClick={[Function]}
            >
              reset
            </button>
            <Link
              className="lower-btn save-as-btn"
              replace={false}
              to="/properties/saveas"
            >
              save as
            </Link>
            <button
              className="lower-btn save-btn"
              disabled={true}
              onClick={[Function]}
            >
              save
            </button>
            <Switch>
              <Route
                path="/properties/copy"
                render={[Function]}
              />
              <Route
                path="/properties/saveas"
                render={[Function]}
              />
            </Switch>
          </div>,
        ],
        "className": "editor-component",
      },
      "ref": null,
      "rendered": Array [
        Object {
          "instance": null,
          "key": undefined,
          "nodeType": "host",
          "props": Object {
            "children": Array [
              <div
                className="editor-options"
              >
                <NavLink
                  activeClassName="selected"
                  aria-current="page"
                  className="animation-btn"
                  to="/properties"
                >
                  properties
                </NavLink>
                <NavLink
                  activeClassName="selected"
                  aria-current="page"
                  className="keyframes-btn"
                  to="/keyframes"
                >
                  keyframes
                </NavLink>
              </div>,
              <div
                className="editor"
              >
                <Switch>
                  <Route
                    component={[Function]}
                    path="/properties"
                  />
                  <Route
                    component={[Function]}
                    path="/keyframes"
                  />
                </Switch>
              </div>,
            ],
            "className": "editor-container",
          },
          "ref": null,
          "rendered": Array [
            Object {
              "instance": null,
              "key": undefined,
              "nodeType": "host",
              "props": Object {
                "children": Array [
                  <NavLink
                    activeClassName="selected"
                    aria-current="page"
                    className="animation-btn"
                    to="/properties"
                  >
                    properties
                  </NavLink>,
                  <NavLink
                    activeClassName="selected"
                    aria-current="page"
                    className="keyframes-btn"
                    to="/keyframes"
                  >
                    keyframes
                  </NavLink>,
                ],
                "className": "editor-options",
              },
              "ref": null,
              "rendered": Array [
                Object {
                  "instance": null,
                  "key": undefined,
                  "nodeType": "function",
                  "props": Object {
                    "activeClassName": "selected",
                    "aria-current": "page",
                    "children": "properties",
                    "className": "animation-btn",
                    "to": "/properties",
                  },
                  "ref": null,
                  "rendered": "properties",
                  "type": [Function],
                },
                Object {
                  "instance": null,
                  "key": undefined,
                  "nodeType": "function",
                  "props": Object {
                    "activeClassName": "selected",
                    "aria-current": "page",
                    "children": "keyframes",
                    "className": "keyframes-btn",
                    "to": "/keyframes",
                  },
                  "ref": null,
                  "rendered": "keyframes",
                  "type": [Function],
                },
              ],
              "type": "div",
            },
            Object {
              "instance": null,
              "key": undefined,
              "nodeType": "host",
              "props": Object {
                "children": <Switch>
                  <Route
                    component={[Function]}
                    path="/properties"
                  />
                  <Route
                    component={[Function]}
                    path="/keyframes"
                  />
                </Switch>,
                "className": "editor",
              },
              "ref": null,
              "rendered": Object {
                "instance": null,
                "key": undefined,
                "nodeType": "class",
                "props": Object {
                  "children": Array [
                    <Route
                      component={[Function]}
                      path="/properties"
                    />,
                    <Route
                      component={[Function]}
                      path="/keyframes"
                    />,
                  ],
                },
                "ref": null,
                "rendered": Array [
                  Object {
                    "instance": null,
                    "key": undefined,
                    "nodeType": "class",
                    "props": Object {
                      "component": [Function],
                      "path": "/properties",
                    },
                    "ref": null,
                    "rendered": null,
                    "type": [Function],
                  },
                  Object {
                    "instance": null,
                    "key": undefined,
                    "nodeType": "class",
                    "props": Object {
                      "component": [Function],
                      "path": "/keyframes",
                    },
                    "ref": null,
                    "rendered": null,
                    "type": [Function],
                  },
                ],
                "type": [Function],
              },
              "type": "div",
            },
          ],
          "type": "div",
        },
        Object {
          "instance": null,
          "key": undefined,
          "nodeType": "host",
          "props": Object {
            "children": Array [
              <Link
                className="lower-btn copy-btn"
                replace={false}
                to="/properties/copy"
              >
                copy code
              </Link>,
              <button
                className="lower-btn reset-btn"
                onClick={[Function]}
              >
                reset
              </button>,
              <Link
                className="lower-btn save-as-btn"
                replace={false}
                to="/properties/saveas"
              >
                save as
              </Link>,
              <button
                className="lower-btn save-btn"
                disabled={true}
                onClick={[Function]}
              >
                save
              </button>,
              <Switch>
                <Route
                  path="/properties/copy"
                  render={[Function]}
                />
                <Route
                  path="/properties/saveas"
                  render={[Function]}
                />
              </Switch>,
            ],
            "className": "editor-bottom-btns-container",
          },
          "ref": null,
          "rendered": Array [
            Object {
              "instance": null,
              "key": undefined,
              "nodeType": "class",
              "props": Object {
                "children": "copy code",
                "className": "lower-btn copy-btn",
                "replace": false,
                "to": "/properties/copy",
              },
              "ref": null,
              "rendered": "copy code",
              "type": [Function],
            },
            Object {
              "instance": null,
              "key": undefined,
              "nodeType": "host",
              "props": Object {
                "children": "reset",
                "className": "lower-btn reset-btn",
                "onClick": [Function],
              },
              "ref": null,
              "rendered": "reset",
              "type": "button",
            },
            Object {
              "instance": null,
              "key": undefined,
              "nodeType": "class",
              "props": Object {
                "children": "save as",
                "className": "lower-btn save-as-btn",
                "replace": false,
                "to": "/properties/saveas",
              },
              "ref": null,
              "rendered": "save as",
              "type": [Function],
            },
            Object {
              "instance": null,
              "key": undefined,
              "nodeType": "host",
              "props": Object {
                "children": "save",
                "className": "lower-btn save-btn",
                "disabled": true,
                "onClick": [Function],
              },
              "ref": null,
              "rendered": "save",
              "type": "button",
            },
            Object {
              "instance": null,
              "key": undefined,
              "nodeType": "class",
              "props": Object {
                "children": Array [
                  <Route
                    path="/properties/copy"
                    render={[Function]}
                  />,
                  <Route
                    path="/properties/saveas"
                    render={[Function]}
                  />,
                ],
              },
              "ref": null,
              "rendered": Array [
                Object {
                  "instance": null,
                  "key": undefined,
                  "nodeType": "class",
                  "props": Object {
                    "path": "/properties/copy",
                    "render": [Function],
                  },
                  "ref": null,
                  "rendered": null,
                  "type": [Function],
                },
                Object {
                  "instance": null,
                  "key": undefined,
                  "nodeType": "class",
                  "props": Object {
                    "path": "/properties/saveas",
                    "render": [Function],
                  },
                  "ref": null,
                  "rendered": null,
                  "type": [Function],
                },
              ],
              "type": [Function],
            },
          ],
          "type": "div",
        },
      ],
      "type": "div",
    },
  ],
  Symbol(enzyme.__options__): Object {
    "adapter": ReactSixteenAdapter {
      "options": Object {
        "enableComponentDidUpdateOnSetState": true,
        "lifecycles": Object {
          "componentDidUpdate": Object {
            "onSetState": true,
          },
          "getDerivedStateFromProps": true,
          "getSnapshotBeforeUpdate": true,
          "setState": Object {
            "skipsComponentDidUpdateOnNullish": true,
          },
        },
      },
    },
  },
}
`;
