// Jest Snapshot v1, https://goo.gl/fbAQLP

exports[`Loading should match the snapshot 1`] = `
ShallowWrapper {
  Symbol(enzyme.__root__): [Circular],
  Symbol(enzyme.__unrendered__): <Loading />,
  Symbol(enzyme.__renderer__): Object {
    "batchedUpdates": [Function],
    "getNode": [Function],
    "render": [Function],
    "simulateError": [Function],
    "simulateEvent": [Function],
    "unmount": [Function],
  },
  Symbol(enzyme.__node__): Object {
    "instance": null,
    "key": undefined,
    "nodeType": "host",
    "props": Object {
      "children": Array [
        <div
          className="square square-0 loading-icon"
        >
          <h4
            className="main-title"
          >
            load
            <span>
              ing
            </span>
          </h4>
        </div>,
        <h2
          className="loading-text"
        >
          Loading Animations...
        </h2>,
      ],
      "className": "loading-container",
    },
    "ref": null,
    "rendered": Array [
      Object {
        "instance": null,
        "key": undefined,
        "nodeType": "host",
        "props": Object {
          "children": <h4
            className="main-title"
          >
            load
            <span>
              ing
            </span>
          </h4>,
          "className": "square square-0 loading-icon",
        },
        "ref": null,
        "rendered": Object {
          "instance": null,
          "key": undefined,
          "nodeType": "host",
          "props": Object {
            "children": Array [
              "load",
              <span>
                ing
              </span>,
            ],
            "className": "main-title",
          },
          "ref": null,
          "rendered": Array [
            "load",
            Object {
              "instance": null,
              "key": undefined,
              "nodeType": "host",
              "props": Object {
                "children": "ing",
              },
              "ref": null,
              "rendered": "ing",
              "type": "span",
            },
          ],
          "type": "h4",
        },
        "type": "div",
      },
      Object {
        "instance": null,
        "key": undefined,
        "nodeType": "host",
        "props": Object {
          "children": "Loading Animations...",
          "className": "loading-text",
        },
        "ref": null,
        "rendered": "Loading Animations...",
        "type": "h2",
      },
    ],
    "type": "div",
  },
  Symbol(enzyme.__nodes__): Array [
    Object {
      "instance": null,
      "key": undefined,
      "nodeType": "host",
      "props": Object {
        "children": Array [
          <div
            className="square square-0 loading-icon"
          >
            <h4
              className="main-title"
            >
              load
              <span>
                ing
              </span>
            </h4>
          </div>,
          <h2
            className="loading-text"
          >
            Loading Animations...
          </h2>,
        ],
        "className": "loading-container",
      },
      "ref": null,
      "rendered": Array [
        Object {
          "instance": null,
          "key": undefined,
          "nodeType": "host",
          "props": Object {
            "children": <h4
              className="main-title"
            >
              load
              <span>
                ing
              </span>
            </h4>,
            "className": "square square-0 loading-icon",
          },
          "ref": null,
          "rendered": Object {
            "instance": null,
            "key": undefined,
            "nodeType": "host",
            "props": Object {
              "children": Array [
                "load",
                <span>
                  ing
                </span>,
              ],
              "className": "main-title",
            },
            "ref": null,
            "rendered": Array [
              "load",
              Object {
                "instance": null,
                "key": undefined,
                "nodeType": "host",
                "props": Object {
                  "children": "ing",
                },
                "ref": null,
                "rendered": "ing",
                "type": "span",
              },
            ],
            "type": "h4",
          },
          "type": "div",
        },
        Object {
          "instance": null,
          "key": undefined,
          "nodeType": "host",
          "props": Object {
            "children": "Loading Animations...",
            "className": "loading-text",
          },
          "ref": null,
          "rendered": "Loading Animations...",
          "type": "h2",
        },
      ],
      "type": "div",
    },
  ],
  Symbol(enzyme.__options__): Object {
    "adapter": ReactSixteenAdapter {
      "options": Object {
        "enableComponentDidUpdateOnSetState": true,
        "lifecycles": Object {
          "componentDidUpdate": Object {
            "onSetState": true,
          },
          "getDerivedStateFromProps": true,
          "getSnapshotBeforeUpdate": true,
          "setState": Object {
            "skipsComponentDidUpdateOnNullish": true,
          },
        },
      },
    },
  },
}
`;
